
                                             Norm of      First-order   Trust-region
 Iteration  Func-count     ||f(x)||^2           step       optimality         radius
     0       2002         1.71803e+09                        1.86e+11              1
     1       4004         5.93096e+08              1         1.09e+11              1
     2       6006         3.09802e+08            2.5         7.63e+10            2.5
     3       8008         1.86735e+08           6.25         3.92e+10           6.25
     4      10010         1.23417e+08         15.625         3.96e+10           15.6
     5      12012         8.85449e+07        39.0625         2.04e+10           39.1
     6      14014         6.81343e+07        97.6562         2.21e+10           97.7
     7      16016         5.52797e+07        244.141         1.16e+10            244
     8      18018         4.62281e+07        610.352         1.33e+10            610
     9      20020         3.83064e+07        1525.88            7e+09       1.53e+03
    10      22022         2.84524e+07         3814.7          7.9e+09       3.81e+03
    11      24024          1.4549e+07        9536.74         3.83e+09       9.54e+03
    12      26026         7.51232e+06        23841.9         3.01e+09       2.38e+04
    13      28028              467421        9419.34         1.81e+08       2.38e+04
    14      28029              467421        23841.9         1.81e+08       2.38e+04
    15      28030              467421        5960.46         1.81e+08       5.96e+03
    16      30032              447896        1490.12         1.07e+08       1.49e+03
    17      32034              299787        1490.12         1.05e+08       1.49e+03
    18      32035              299787        3725.29         1.05e+08       3.73e+03
    19      34037              296399        931.323         6.15e+07            931
    20      36039              240075        931.323          7.7e+07            931
    21      36040              240075        2328.31          7.7e+07       2.33e+03
    22      36041              240075        582.077          7.7e+07            582
    23      38043              239780        145.519         5.59e+07            146
    24      40045              237908        145.519         6.67e+07            146
    25      42047              237889        363.798          5.4e+07            364
    26      44049              228026        363.798         5.94e+07            364
    27      44050              228026        909.495         5.94e+07            909
    28      46052              227890        227.374         5.08e+07            227
    29      48054              223891        227.374         5.47e+07            227
    30      48055              223891        568.434         5.47e+07            568
    31      50057              223743        142.109         4.83e+07            142
    32      52059              222068        142.109         5.14e+07            142
    33      52060              222068        355.271         5.14e+07            355
    34      54062              221914        88.8178         4.63e+07           88.8
    35      56064              221169        88.8178         4.88e+07           88.8
    36      58066              221125        222.045         4.46e+07            222
    37      60068              217403        222.045         4.66e+07            222
    38      60069              217403        555.112         4.66e+07            555
    39      62071              217294        138.778         4.28e+07            139
    40      64073              215759        138.778         4.49e+07            139
    41      64074              215759        346.945         4.49e+07            347
    42      66076              215639        86.7362         4.14e+07           86.7
    43      68078              214964        86.7362         4.35e+07           86.7
    44      70080              214942         216.84         4.03e+07            217
    45      72082              211442         216.84         4.21e+07            217
    46      72083              211442        542.101         4.21e+07            542
    47      74085              211352        135.525         3.91e+07            136
    48      76087              209935        135.525         4.11e+07            136
    49      76088              209935        338.813         4.11e+07            339
    50      78090              209831        84.7033         3.82e+07           84.7
    51      80092              209214        84.7033         4.02e+07           84.7
    52      82094              209191        211.758         3.74e+07            212
    53      84096              205945        211.758         3.92e+07            212
    54      84097              205945        529.396         3.92e+07            529
    55      86099              205880        132.349         3.66e+07            132
    56      88101              204543        132.349         3.85e+07            132
    57      88102              204543        330.872         3.85e+07            331
    58      90104              204459        82.7181         3.59e+07           82.7
    59      92106              203876        82.7181         3.79e+07           82.7
    60      92107              203876        206.795         3.79e+07            207
    61      94109              203786        51.6988         3.54e+07           51.7
    62      96111              203242        129.247         3.74e+07            129
    63      98113              201555        323.117         3.47e+07            323
    64      100115              196103        323.117         3.64e+07            323
    65      102117              193073        807.794         3.32e+07            808
    66      104119              159599        807.794         3.33e+07            808
    67      104120              159599        2019.48         3.33e+07       2.02e+03
    68      106122              159174        504.871         2.98e+07            505
    69      108124              145300        504.871         3.17e+07            505
    70      108125              145300        1262.18         3.17e+07       1.26e+03
    71      110127              145248        315.544         2.82e+07            316
    72      112129              139574        315.544         3.08e+07            316
    73      112130              139574        788.861         3.08e+07            789
    74      114132              139538        197.215         2.74e+07            197
    75      116134              137247        197.215         3.03e+07            197
    76      116135              137247        493.038         3.03e+07            493
    77      118137              137196         123.26         2.69e+07            123
    78      120139              136264         123.26         2.99e+07            123
    79      120140              136264        308.149         2.99e+07            308
    80      122142              136207        77.0372         2.66e+07             77
    81      124144              135811        77.0372         2.96e+07             77
    82      126146              135799        192.593         2.64e+07            193
    83      128148              133620        192.593         2.91e+07            193
    84      128149              133620        481.482         2.91e+07            481
    85      130151              133586        120.371         2.59e+07            120
    86      132153              132696        120.371         2.88e+07            120
    87      132154              132696        300.927         2.88e+07            301
    88      134156              132650        75.2316         2.56e+07           75.2
    89      136158              132271        75.2316         2.86e+07           75.2
    90      136159              132271        188.079         2.86e+07            188
    91      138161              132221        47.0198         2.54e+07             47
    92      140163              131867        117.549         2.83e+07            118
    93      142165              130719        293.874          2.5e+07            294
    94      144167              127021        293.874         2.77e+07            294
    95      146169              124995        734.684          2.4e+07            735
    96      148171              102364        734.684         2.54e+07            735
    97      148172              102364        1836.71         2.54e+07       1.84e+03
    98      150174              102295        459.177         2.15e+07            459
    99      152176             92612.3        459.177         2.42e+07            459
   100      152177             92612.3        1147.94         2.42e+07       1.15e+03
   101      152178             92612.3        286.986         2.42e+07            287
   102      154180             92568.3        71.7465         2.04e+07           71.7
   103      156182             92284.5        71.7465          2.4e+07           71.7
   104      158184             92261.4        179.366         2.02e+07            179
   105      160186             90628.1        179.366         2.36e+07            179
   106      160187             90628.1        448.416         2.36e+07            448
   107      162189             90594.4        112.104         1.99e+07            112
   108      164191             89939.2        112.104         2.34e+07            112
   109      164192             89939.2         280.26         2.34e+07            280
   110      166194             89901.7        70.0649         1.98e+07           70.1
   111      168196             89630.5        70.0649         2.32e+07           70.1
   112      170198             89617.6        175.162         1.96e+07            175
   113      172200             88066.6        175.162         2.29e+07            175
   114      172201             88066.6        437.906         2.29e+07            438
   115      174203             88039.8        109.476         1.93e+07            109
   116      176205               87416        109.476         2.27e+07            109
   117      176206               87416        273.691         2.27e+07            274
   118      178208             87383.9        68.4228         1.91e+07           68.4
   119      180210             87124.5        68.4228         2.26e+07           68.4
   120      182212             87121.4        171.057          1.9e+07            171
   121      184214               85648        171.057         2.23e+07            171
   122      184215               85648        427.642         2.23e+07            428
   123      186217               85628        106.911         1.87e+07            107
   124      188219             85033.9        106.911         2.21e+07            107
   125      188220             85033.9        267.276         2.21e+07            267
   126      190222             85006.4        66.8191         1.85e+07           66.8
   127      192224             84758.3        66.8191          2.2e+07           66.8
   128      192225             84758.3        167.048          2.2e+07            167
   129      194227             84728.8        41.7619         1.84e+07           41.8
   130      196229             84500.2        104.405         2.18e+07            104
   131      198231               83728        261.012         1.82e+07            261
   132      200233             81213.6        261.012         2.14e+07            261
   133      202235             79826.5         652.53         1.74e+07            653
   134      204237             64137.3         652.53         1.95e+07            653
   135      204238             64137.3        1631.33         1.95e+07       1.63e+03
   136      206240             64018.5        407.832         1.54e+07            408
   137      208242             57221.1        407.832         1.86e+07            408
   138      208243             57221.1        1019.58         1.86e+07       1.02e+03
   139      208244             57221.1        254.895         1.86e+07            255
   140      210246             57199.9        63.7237         1.45e+07           63.7
   141      212248             57001.6        63.7237         1.84e+07           63.7
   142      214250             56998.7        159.309         1.44e+07            159
   143      216252             55847.6        159.309         1.81e+07            159
   144      216253             55847.6        398.273         1.81e+07            398
   145      218255             55833.7        99.5682         1.42e+07           99.6
   146      220257             55372.4        99.5682          1.8e+07           99.6
   147      220258             55372.4        248.921          1.8e+07            249
   148      222260             55353.3        62.2302         1.41e+07           62.2
   149      224262             55164.2        62.2302         1.79e+07           62.2
   150      224263             55164.2        155.575         1.79e+07            156

Solver stopped prematurely.

fsolve stopped because it exceeded the iteration limit,
options.MaxIterations = 1.500000e+02.

SCEN t10 done converged=0 exitflag=0 iters=150 funcCount=224263 final_diff=1.301304e+03 max_abs=1.762e+02 elapsed=5854s
DONE_OK
matlab exit=0
