t10: start max|f|=1.875e+08 L1=1.261e+09
  iter 1: lam=1 max|f|=4.764e+06 L1=8.841e+07 cond=1.09e+04 [38s]
  iter 2: lam=1 max|f|=3.648e+05 L1=5.436e+06 cond=2.52e+03 [74s]
  iter 3: lam=1 max|f|=3.597e+04 L1=2.373e+05 cond=3.30e+03 [110s]
  iter 4: lam=1 max|f|=1.651e+03 L1=8.228e+03 cond=3.53e+03 [148s]
  iter 5: lam=1 max|f|=4.118e+00 L1=2.055e+01 cond=3.54e+03 [180s]
  iter 6: lam=1 max|f|=3.510e-04 L1=3.788e-03 cond=3.55e+03 [213s]
  iter 7: lam=1 max|f|=9.918e-05 L1=1.428e-03 cond=3.55e+03 [242s]
  iter 8: lam=1 max|f|=9.918e-05 L1=1.351e-03 cond=3.55e+03 [271s]
  iter 9: lam=0.000122 max|f|=9.918e-05 L1=1.351e-03 cond=3.55e+03 [295s]
  iter 10: lam=0.000122 max|f|=9.918e-05 L1=1.351e-03 cond=3.55e+03 [318s]
  iter 11: lam=0.000122 max|f|=9.918e-05 L1=1.350e-03 cond=3.55e+03 [341s]
  iter 12: lam=6.1e-05 max|f|=9.918e-05 L1=1.350e-03 cond=3.55e+03 [364s]
  iter 13: lam=6.1e-05 max|f|=9.918e-05 L1=1.350e-03 cond=3.55e+03 [387s]
  iter 14: lam=6.1e-05 max|f|=9.918e-05 L1=1.350e-03 cond=3.55e+03 [411s]
  iter 15: lam=6.1e-05 max|f|=9.918e-05 L1=1.350e-03 cond=3.55e+03 [437s]
  iter 16: lam=6.1e-05 max|f|=9.918e-05 L1=1.350e-03 cond=3.55e+03 [460s]
  iter 17: lam=6.1e-05 max|f|=9.918e-05 L1=1.350e-03 cond=3.55e+03 [483s]
  iter 18: lam=6.1e-05 max|f|=9.918e-05 L1=1.350e-03 cond=3.55e+03 [506s]
  iter 19: lam=6.1e-05 max|f|=9.918e-05 L1=1.350e-03 cond=3.55e+03 [529s]
  iter 20: lam=6.1e-05 max|f|=9.918e-05 L1=1.350e-03 cond=3.55e+03 [552s]
  iter 21: lam=6.1e-05 max|f|=9.918e-05 L1=1.350e-03 cond=3.55e+03 [575s]
  iter 22: lam=6.1e-05 max|f|=9.918e-05 L1=1.350e-03 cond=3.55e+03 [597s]
  iter 23: lam=6.1e-05 max|f|=9.918e-05 L1=1.350e-03 cond=3.55e+03 [621s]
  iter 24: lam=6.1e-05 max|f|=9.918e-05 L1=1.350e-03 cond=3.55e+03 [643s]
  iter 25: lam=6.1e-05 max|f|=9.918e-05 L1=1.350e-03 cond=3.55e+03 [661s]
  iter 26: lam=6.1e-05 max|f|=9.918e-05 L1=1.350e-03 cond=3.55e+03 [680s]
  iter 27: lam=6.1e-05 max|f|=9.918e-05 L1=1.350e-03 cond=3.55e+03 [698s]
  iter 28: lam=6.1e-05 max|f|=9.918e-05 L1=1.350e-03 cond=3.55e+03 [718s]
  iter 29: lam=6.1e-05 max|f|=9.918e-05 L1=1.350e-03 cond=3.55e+03 [741s]
  iter 30: lam=6.1e-05 max|f|=9.918e-05 L1=1.350e-03 cond=3.55e+03 [764s]
  iter 31: lam=6.1e-05 max|f|=9.918e-05 L1=1.350e-03 cond=3.55e+03 [788s]
  iter 32: lam=1.53e-05 max|f|=9.918e-05 L1=1.350e-03 cond=3.55e+03 [811s]
  iter 33: lam=1.53e-05 max|f|=9.918e-05 L1=1.350e-03 cond=3.55e+03 [834s]
  iter 34: lam=1.53e-05 max|f|=9.918e-05 L1=1.350e-03 cond=3.55e+03 [858s]
  iter 35: lam=1.53e-05 max|f|=9.918e-05 L1=1.350e-03 cond=3.55e+03 [881s]
  iter 36: lam=1.53e-05 max|f|=9.918e-05 L1=1.350e-03 cond=3.55e+03 [904s]
  iter 37: lam=1.53e-05 max|f|=9.918e-05 L1=1.350e-03 cond=3.55e+03 [928s]
  iter 38: lam=1.53e-05 max|f|=9.918e-05 L1=1.350e-03 cond=3.55e+03 [951s]
  iter 39: lam=1.53e-05 max|f|=9.918e-05 L1=1.350e-03 cond=3.55e+03 [973s]
  iter 40: lam=1.53e-05 max|f|=9.918e-05 L1=1.350e-03 cond=3.55e+03 [996s]
t10: done converged(max)=True L1=1.350e-03 max|f|=9.918e-05 [996s]
saved
exit=0
