t10: start max|f|=1.934e+04 L1=1.394e+05
  iter 1: lam=0.25 max|f|=1.479e+04 L1=1.084e+05 cond=9.44e+03 [29s]
  iter 2: lam=1 max|f|=3.847e+02 L1=5.270e+03 cond=2.07e+04 [55s]
  iter 3: lam=1 max|f|=1.698e+01 L1=2.396e+02 cond=1.22e+04 [78s]
  iter 4: lam=1 max|f|=5.585e+01 L1=4.935e+02 cond=3.20e+04 [103s]
  iter 5: lam=1 max|f|=2.268e+01 L1=2.132e+02 cond=2.22e+04 [124s]
  iter 6: lam=0.5 max|f|=1.364e+01 L1=1.506e+02 cond=3.54e+04 [147s]
  iter 7: lam=0.25 max|f|=1.071e+01 L1=1.216e+02 cond=2.28e+04 [170s]
  iter 8: lam=0.0625 max|f|=1.005e+01 L1=1.156e+02 cond=2.14e+04 [194s]
  iter 9: lam=0.0312 max|f|=9.739e+00 L1=1.131e+02 cond=2.82e+04 [215s]
  iter 10: lam=0.0312 max|f|=9.437e+00 L1=1.104e+02 cond=2.46e+04 [233s]
  iter 11: lam=0.0156 max|f|=9.289e+00 L1=1.092e+02 cond=3.86e+04 [255s]
  iter 12: lam=0.0156 max|f|=9.144e+00 L1=1.079e+02 cond=3.76e+04 [280s]
  iter 13: lam=0.0156 max|f|=9.001e+00 L1=1.068e+02 cond=4.08e+04 [304s]
  iter 14: lam=0.0156 max|f|=8.861e+00 L1=1.055e+02 cond=3.23e+04 [329s]
  iter 15: lam=0.00391 max|f|=8.826e+00 L1=1.052e+02 cond=7.68e+04 [355s]
  iter 16: lam=0.00391 max|f|=8.791e+00 L1=1.049e+02 cond=7.61e+04 [379s]
  iter 17: lam=0.00391 max|f|=8.757e+00 L1=1.046e+02 cond=7.83e+04 [403s]
  iter 18: lam=0.00391 max|f|=8.723e+00 L1=1.043e+02 cond=7.21e+04 [427s]
  iter 19: lam=0.00195 max|f|=8.706e+00 L1=1.042e+02 cond=9.37e+04 [451s]
  iter 20: lam=0.000488 max|f|=8.701e+00 L1=1.041e+02 cond=1.90e+05 [472s]
  iter 21: lam=0.000122 max|f|=8.700e+00 L1=1.041e+02 cond=3.54e+05 [491s]
  iter 22: lam=1.53e-05 max|f|=8.700e+00 L1=1.041e+02 cond=1.06e+06 [515s]
  iter 23: lam=3.81e-06 max|f|=8.700e+00 L1=1.041e+02 cond=2.18e+06 [540s]
  iter 24: lam=1.91e-06 max|f|=8.700e+00 L1=1.041e+02 cond=3.73e+06 [565s]
  iter 25: lam=1.91e-06 max|f|=8.700e+00 L1=1.041e+02 cond=2.84e+06 [590s]
  iter 26: lam=2.38e-07 max|f|=8.700e+00 L1=1.041e+02 cond=8.39e+06 [616s]
  iter 27: lam=5.96e-08 max|f|=8.700e+00 L1=1.041e+02 cond=1.82e+07 [642s]
  iter 28: no descent (lam=3.0e-08); stopping
t10: done converged(max)=False L1=1.041e+02 max|f|=8.700e+00 [666s]
saved
exit=0
