  eval: ||g||=4.254e-02 max|f|=8.700e+00 L1=1.041e+02 [0s]
  eval: ||g||=2.929e+05 max|f|=1.249e+08 L1=2.771e+08 [20s]
  eval: ||g||=8.090e+02 max|f|=1.226e+05 L1=8.899e+05 [20s]
  eval: ||g||=5.788e+01 max|f|=9.966e+03 L1=7.097e+04 [21s]
  eval: ||g||=9.853e-01 max|f|=7.460e+01 L1=8.519e+02 [21s]
  eval: ||g||=1.144e-02 max|f|=8.758e-01 L1=1.515e+01 [22s]
  eval: ||g||=5.209e-02 max|f|=4.144e+00 L1=4.488e+01 [42s]
  eval: ||g||=3.254e-03 max|f|=8.308e-01 L1=1.062e+01 [44s]
  eval: ||g||=3.517e-03 max|f|=7.382e-01 L1=9.810e+00 [67s]
  eval: ||g||=3.069e-03 max|f|=8.315e-01 L1=1.032e+01 [68s]
  eval: ||g||=3.003e-03 max|f|=7.735e-01 L1=9.773e+00 [91s]
  eval: ||g||=2.804e-03 max|f|=7.769e-01 L1=9.584e+00 [112s]
  eval: ||g||=2.941e-03 max|f|=7.548e-01 L1=9.531e+00 [133s]
  eval: ||g||=2.781e-03 max|f|=7.808e-01 L1=9.565e+00 [133s]
  eval: ||g||=2.776e-03 max|f|=7.776e-01 L1=9.530e+00 [154s]
  eval: ||g||=2.772e-03 max|f|=7.864e-01 L1=9.542e+00 [176s]
  eval: ||g||=2.771e-03 max|f|=7.850e-01 L1=9.516e+00 [196s]
  eval: ||g||=2.771e-03 max|f|=7.873e-01 L1=9.522e+00 [218s]
  eval: ||g||=2.770e-03 max|f|=7.873e-01 L1=9.492e+00 [239s]
  eval: ||g||=2.770e-03 max|f|=7.876e-01 L1=9.480e+00 [260s]
  eval: ||g||=2.770e-03 max|f|=7.877e-01 L1=9.488e+00 [260s]
  eval: ||g||=2.770e-03 max|f|=7.875e-01 L1=9.471e+00 [281s]
  eval: ||g||=2.770e-03 max|f|=7.877e-01 L1=9.451e+00 [298s]
  eval: ||g||=2.770e-03 max|f|=7.877e-01 L1=9.464e+00 [299s]
  eval: ||g||=2.770e-03 max|f|=7.875e-01 L1=9.455e+00 [317s]
  eval: ||g||=2.770e-03 max|f|=7.877e-01 L1=9.448e+00 [334s]
  eval: ||g||=2.770e-03 max|f|=7.876e-01 L1=9.441e+00 [351s]
  eval: ||g||=2.770e-03 max|f|=7.878e-01 L1=9.437e+00 [372s]
  eval: ||g||=2.770e-03 max|f|=7.876e-01 L1=9.433e+00 [393s]
  eval: ||g||=2.770e-03 max|f|=7.878e-01 L1=9.429e+00 [414s]
  eval: ||g||=2.770e-03 max|f|=7.879e-01 L1=9.419e+00 [435s]
  eval: ||g||=2.770e-03 max|f|=7.878e-01 L1=9.414e+00 [456s]
  eval: ||g||=2.770e-03 max|f|=7.878e-01 L1=9.417e+00 [457s]
  eval: ||g||=2.770e-03 max|f|=7.879e-01 L1=9.414e+00 [479s]
  eval: ||g||=2.770e-03 max|f|=7.879e-01 L1=9.409e+00 [500s]
  eval: ||g||=2.770e-03 max|f|=7.880e-01 L1=9.407e+00 [521s]
  eval: ||g||=2.770e-03 max|f|=7.880e-01 L1=9.408e+00 [521s]
  eval: ||g||=2.770e-03 max|f|=7.879e-01 L1=9.405e+00 [543s]
  eval: ||g||=2.770e-03 max|f|=7.880e-01 L1=9.404e+00 [564s]
  eval: ||g||=2.770e-03 max|f|=7.879e-01 L1=9.405e+00 [565s]
  eval: ||g||=2.770e-03 max|f|=7.879e-01 L1=9.404e+00 [586s]
  eval: ||g||=2.770e-03 max|f|=7.880e-01 L1=9.403e+00 [607s]
  eval: ||g||=2.770e-03 max|f|=7.879e-01 L1=9.402e+00 [625s]
  eval: ||g||=2.770e-03 max|f|=7.880e-01 L1=9.402e+00 [647s]
  eval: ||g||=2.770e-03 max|f|=7.880e-01 L1=9.401e+00 [664s]
  eval: ||g||=2.770e-03 max|f|=7.880e-01 L1=9.400e+00 [684s]
  eval: ||g||=2.770e-03 max|f|=7.880e-01 L1=9.399e+00 [703s]
  eval: ||g||=2.770e-03 max|f|=7.880e-01 L1=9.400e+00 [704s]
  eval: ||g||=2.770e-03 max|f|=7.880e-01 L1=9.400e+00 [723s]
  eval: ||g||=2.770e-03 max|f|=7.880e-01 L1=9.399e+00 [743s]
  eval: ||g||=2.770e-03 max|f|=7.880e-01 L1=9.399e+00 [762s]
  eval: ||g||=2.770e-03 max|f|=7.880e-01 L1=9.399e+00 [782s]
  eval: ||g||=2.770e-03 max|f|=7.880e-01 L1=9.399e+00 [802s]
  eval: ||g||=2.770e-03 max|f|=7.880e-01 L1=9.399e+00 [821s]
  eval: ||g||=2.770e-03 max|f|=7.880e-01 L1=9.398e+00 [841s]
  eval: ||g||=2.770e-03 max|f|=7.880e-01 L1=9.398e+00 [860s]
  eval: ||g||=2.770e-03 max|f|=7.880e-01 L1=9.398e+00 [860s]
  eval: ||g||=2.770e-03 max|f|=7.880e-01 L1=9.398e+00 [861s]
  eval: ||g||=2.770e-03 max|f|=7.880e-01 L1=9.398e+00 [862s]
  eval: ||g||=2.770e-03 max|f|=7.880e-01 L1=9.398e+00 [881s]
  eval: ||g||=2.770e-03 max|f|=7.880e-01 L1=9.398e+00 [882s]
  eval: ||g||=2.770e-03 max|f|=7.880e-01 L1=9.398e+00 [882s]
  eval: ||g||=2.770e-03 max|f|=7.880e-01 L1=9.398e+00 [883s]
  eval: ||g||=2.770e-03 max|f|=7.880e-01 L1=9.398e+00 [884s]
  eval: ||g||=2.770e-03 max|f|=7.880e-01 L1=9.398e+00 [903s]
  eval: ||g||=2.770e-03 max|f|=7.880e-01 L1=9.398e+00 [922s]
  eval: ||g||=2.770e-03 max|f|=7.880e-01 L1=9.398e+00 [922s]
  eval: ||g||=2.770e-03 max|f|=7.880e-01 L1=9.398e+00 [923s]
  eval: ||g||=2.770e-03 max|f|=7.880e-01 L1=9.398e+00 [923s]
t10: LM status=3 (`xtol` termination condition is satisfied.) nfev=69 njev=45 | max|f|=7.880e-01 L1=9.398e+00 [939s]
saved
exit=0
