[jupytext] Reading 00_whats_new_in_puremacro_3_0_es.py in format py
[jupytext] Setting kernel python3
[jupytext] Updating notebook metadata with '{"kernelspec": {"name": "python3", "language": "python", "display_name": "Python 3 (ipykernel)"}}'
[jupytext] Executing notebook with kernel python3
[IPKernelApp] WARNING | Kernel is running over TCP without encryption. All communication (including code and outputs) is sent in plain text and is susceptible to eavesdropping. Use IPC transport or launch with kernel manager-provisioned CurveZMQ keys to enable transport encryption.
[jupytext] Warning: Notebook is not trusted
[jupytext] Writing 00_whats_new_in_puremacro_3_0_es.ipynb (destination file replaced [use --update to preserve cell outputs and ids])
[jupytext] Reading 10_staggered_did.py in format py
[jupytext] Setting kernel python3
[jupytext] Updating notebook metadata with '{"kernelspec": {"name": "python3", "language": "python", "display_name": "Python 3 (ipykernel)"}}'
[jupytext] Executing notebook with kernel python3
[IPKernelApp] WARNING | Kernel is running over TCP without encryption. All communication (including code and outputs) is sent in plain text and is susceptible to eavesdropping. Use IPC transport or launch with kernel manager-provisioned CurveZMQ keys to enable transport encryption.
[jupytext] Warning: Notebook is not trusted
[jupytext] Writing 10_staggered_did.ipynb (destination file replaced [use --update to preserve cell outputs and ids])
[jupytext] Reading 10_staggered_did_es.py in format py
[jupytext] Setting kernel python3
[jupytext] Updating notebook metadata with '{"kernelspec": {"name": "python3", "language": "python", "display_name": "Python 3 (ipykernel)"}}'
[jupytext] Executing notebook with kernel python3
[IPKernelApp] WARNING | Kernel is running over TCP without encryption. All communication (including code and outputs) is sent in plain text and is susceptible to eavesdropping. Use IPC transport or launch with kernel manager-provisioned CurveZMQ keys to enable transport encryption.
[jupytext] Warning: Notebook is not trusted
[jupytext] Writing 10_staggered_did_es.ipynb (destination file replaced [use --update to preserve cell outputs and ids])
[jupytext] Reading 45_dsge_discretion_dsge_var_and_news_shocks.py in format py
[jupytext] Setting kernel python3
[jupytext] Updating notebook metadata with '{"kernelspec": {"name": "python3", "language": "python", "display_name": "Python 3 (ipykernel)"}}'
[jupytext] Executing notebook with kernel python3
[IPKernelApp] WARNING | Kernel is running over TCP without encryption. All communication (including code and outputs) is sent in plain text and is susceptible to eavesdropping. Use IPC transport or launch with kernel manager-provisioned CurveZMQ keys to enable transport encryption.
[jupytext] Warning: Notebook is not trusted
[jupytext] Writing 45_dsge_discretion_dsge_var_and_news_shocks.ipynb (destination file replaced [use --update to preserve cell outputs and ids])
[jupytext] Reading 45_dsge_discretion_dsge_var_and_news_shocks_es.py in format py
[jupytext] Setting kernel python3
[jupytext] Updating notebook metadata with '{"kernelspec": {"name": "python3", "language": "python", "display_name": "Python 3 (ipykernel)"}}'
[jupytext] Executing notebook with kernel python3
[IPKernelApp] WARNING | Kernel is running over TCP without encryption. All communication (including code and outputs) is sent in plain text and is susceptible to eavesdropping. Use IPC transport or launch with kernel manager-provisioned CurveZMQ keys to enable transport encryption.
[jupytext] Warning: Notebook is not trusted
[jupytext] Writing 45_dsge_discretion_dsge_var_and_news_shocks_es.ipynb (destination file replaced [use --update to preserve cell outputs and ids])
› /Users/jalonso/Documents/RESEARCH/puremacro/.venv/bin/python -m jupytext --to ipynb --execute --set-kernel python3 --run-path /Users/jalonso/Documents/RESEARCH/puremacro/notebooks 00_whats_new_in_puremacro_3_0_es.py
› /Users/jalonso/Documents/RESEARCH/puremacro/.venv/bin/python -m jupytext --to ipynb --execute --set-kernel python3 --run-path /Users/jalonso/Documents/RESEARCH/puremacro/notebooks 10_staggered_did.py
› /Users/jalonso/Documents/RESEARCH/puremacro/.venv/bin/python -m jupytext --to ipynb --execute --set-kernel python3 --run-path /Users/jalonso/Documents/RESEARCH/puremacro/notebooks 10_staggered_did_es.py
› /Users/jalonso/Documents/RESEARCH/puremacro/.venv/bin/python -m jupytext --to ipynb --execute --set-kernel python3 --run-path /Users/jalonso/Documents/RESEARCH/puremacro/notebooks 45_dsge_discretion_dsge_var_and_news_shocks.py
› /Users/jalonso/Documents/RESEARCH/puremacro/.venv/bin/python -m jupytext --to ipynb --execute --set-kernel python3 --run-path /Users/jalonso/Documents/RESEARCH/puremacro/notebooks 45_dsge_discretion_dsge_var_and_news_shocks_es.py
