{
  "accounting": {
    "valid": true,
    "max_outlays_sales_error": 2.9802322387695312e-08,
    "trade_leakage_sum": -8.149072527885437e-10,
    "zero_leakage_certified": true,
    "max_budget_error": 1.1102230246251565e-16,
    "factors_positive": true
  },
  "adjustments": {
    "Z": {
      "changed_entries": 0,
      "max_abs_change": 0.0,
      "net_change": 0.0
    },
    "F": {
      "changed_entries": 0,
      "max_abs_change": 0.0,
      "net_change": 0.0
    },
    "VA": {
      "changed_entries": 0,
      "max_abs_change": 0.0,
      "net_change": 0.0
    },
    "TLS": {
      "changed_entries": 9,
      "max_abs_change": 7.084499999415129,
      "net_change": 6.390900067150142
    },
    "Y": {
      "changed_entries": 9,
      "max_abs_change": 7.077799916267395,
      "net_change": -14.48539987555705
    }
  },
  "final_demand_mapping": {
    "C": [
      "HFCE",
      "NPISH",
      "GGFC"
    ],
    "I": [
      "GFCF",
      "INVNT"
    ],
    "Cx": [
      "DPABR"
    ]
  },
  "checks": {
    "baseline_output_recovers_transactions": {
      "max_abs_error": 4.470348358154297e-08,
      "passed": true
    },
    "baseline_prices": {
      "max_abs_error": 0.0,
      "passed": true
    },
    "baseline_wages": {
      "max_abs_error": 0.0,
      "passed": true
    },
    "baseline_rents": {
      "max_abs_error": 0.0,
      "passed": true
    },
    "baseline_tariffs": {
      "max_abs_error": 0.0,
      "passed": true
    },
    "leontief_inverse_baseline": {
      "max_abs_error": 5.587935447692871e-09,
      "passed": true
    },
    "newton_pac_p_sol": {
      "max_abs_error": 3.552713678800501e-14,
      "passed": true
    },
    "newton_pac_w_sol": {
      "max_abs_error": 3.597122599785507e-14,
      "passed": true
    },
    "newton_pac_r_sol": {
      "max_abs_error": 3.6193270602780103e-14,
      "passed": true
    },
    "newton_pac_y_sol": {
      "max_abs_error": 1.0803341865539551e-07,
      "passed": true
    },
    "newton_pac_tariffs": {
      "max_abs_error": 8.32369551062584e-09,
      "passed": true
    },
    "currency_unit_invariance_p_sol": {
      "max_abs_error": 2.4868995751603507e-14,
      "passed": true
    },
    "currency_unit_invariance_w_sol": {
      "max_abs_error": 2.4868995751603507e-14,
      "passed": true
    },
    "currency_unit_invariance_r_sol": {
      "max_abs_error": 2.4868995751603507e-14,
      "passed": true
    },
    "currency_unit_covariance_y_sol": {
      "max_abs_error": 1.3096723705530167e-10,
      "passed": true
    },
    "currency_unit_covariance_tariffs": {
      "max_abs_error": 3.353761712787673e-12,
      "passed": true
    },
    "counterfactual_goods_clearing": {
      "max_abs_error": 9.872019290924072e-08,
      "passed": true
    },
    "counterfactual_schedule_receipts": {
      "max_abs_error": 0.0,
      "passed": true
    },
    "non_importers_receive_no_tariffs": {
      "max_abs_error": 0.0,
      "passed": true
    }
  },
  "solvers": {
    "baseline": {
      "converged": true,
      "residual_norm": 1.5820842524938428e-07
    },
    "tariff_newton": {
      "converged": true,
      "residual_norm": 1.677544799738584e-07
    },
    "tariff_pac": {
      "converged": true,
      "residual_norm": 1.902226367533899e-07
    },
    "tariff_billion_usd": {
      "converged": true,
      "residual_norm": 1.32219124537869e-10
    }
  },
  "counterfactual": {
    "description": "USA levies 10% on all foreign intermediate and final purchases",
    "tariff_revenue_mode": "schedule",
    "accounting": "consistent",
    "sigma": 0.0,
    "unit": "current million USD",
    "prices": [
      [
        1.0,
        1.004848483095895,
        1.0056526348881725
      ],
      [
        1.0060819049957683,
        1.0048902858274793,
        1.0055091374958753
      ],
      [
        0.9934290048060939,
        1.004836732811384,
        1.005609537443984
      ]
    ],
    "output_percent_change": [
      [
        -0.12932908917673291,
        -0.000670648981615507,
        0.005860442087857187
      ],
      [
        -0.06852062087278066,
        -0.00010504185977699976,
        0.003591511867218067
      ],
      [
        0.01249782362975349,
        0.0001523589270524539,
        -0.0015470801425387926
      ]
    ],
    "tariff_revenue": [
      278388.8909060666,
      0.0,
      0.0
    ]
  },
  "economic_accounts": {
    "goods": 9.877840057015419e-08,
    "foreign_balance": 8.09086486697197e-08,
    "household_budget": 7.450580596923828e-09,
    "government_budget": 1.862645149230957e-09,
    "gdp_income_expenditure": 8.940696716308594e-08,
    "physical_equations": 9.877840057015419e-08
  },
  "passed": true,
  "native_archive_reloaded_this_run": false
}
