Using Python 3.12.13 environment at: /tmp/puremacro-research-candidate-venv
appnope==1.0.0
arch==8.0.0
ast-serialize==0.11.2
asttokens==3.0.2
attrs==26.1.0
babel==2.18.0
backrefs==8.0
beautifulsoup4==4.15.0
bleach==6.4.0
build==1.6.1
certifi==2026.7.22
charset-normalizer==3.5.1
click==8.5.0
colorama==0.4.6
comm==0.2.3
contourpy==1.4.0
coverage==7.16.1
cycler==0.12.1
debugpy==1.8.22
defusedxml==0.7.1
docutils==0.23
et-xmlfile==2.0.0
executing==2.2.1
fastjsonschema==2.22.2
fonttools==4.65.0
formulaic==1.2.2
ghp-import==2.1.0
hypothesis==6.168.0
id==1.6.1
idna==3.20
iniconfig==2.3.0
interface-meta==2.0.1
ipykernel==7.3.0
ipython==9.17.1
ipython-pygments-lexers==1.1.1
jaraco-classes==3.4.0
jaraco-context==6.1.2
jaraco-functools==4.6.0
jedi==0.20.0
jinja2==3.1.6
jsonschema==4.26.0
jsonschema-specifications==2025.9.1
jupyter-client==8.10.0
jupyter-core==5.9.1
jupyterlab-pygments==0.3.0
jupytext==1.19.5
keyring==25.7.0
kiwisolver==1.5.1
librt==0.15.0
linearmodels==7.0
markdown==3.10.3
markdown-it-py==4.2.0
markupsafe==3.0.3
matplotlib==3.11.2
matplotlib-inline==0.2.2
mdit-py-plugins==0.6.1
mdurl==0.1.2
mergedeep==1.3.4
mistune==3.3.4
mkdocs==1.6.1
mkdocs-get-deps==0.2.2
mkdocs-material==9.7.7
mkdocs-material-extensions==1.3.1
more-itertools==11.1.0
mypy==2.3.1
mypy-extensions==1.1.0
narwhals==2.26.0
nbclient==0.11.0
nbconvert==7.17.1
nbformat==5.11.1
nest-asyncio2==1.7.2
nh3==0.3.7
numpy==2.5.3
openpyxl==3.1.5
packaging==26.3
paginate==0.5.7
pandas==3.0.6
pandocfilters==1.5.1
parso==0.8.7
pathspec==1.1.1
patsy==1.0.3
pexpect==4.9.0
pillow==12.3.0
platformdirs==4.11.11
pluggy==1.6.0
prompt-toolkit==3.0.53
psutil==7.2.2
ptyprocess==0.7.0
pure-eval==0.2.4
puremacro @ file:///Users/jalonso/Documents/RESEARCH/puremacro
pyarrow==25.0.1
pygments==2.21.0
pyhdfe==0.2.0
pymdown-extensions==12.0.1
pyparsing==3.3.3
pyproject-hooks==1.3.3
pytest==9.1.1
pytest-cov==7.1.0
python-dateutil==2.9.0.post0
pyyaml==6.0.3
pyyaml-env-tag==1.1
pyzmq==27.2.0
readme-renderer==46.0
referencing==0.37.0
requests==2.34.2
requests-toolbelt==1.0.0
rfc3986==2.0.0
rich==15.0.0
rpds-py==2026.6.3
scipy==1.18.1
six==1.17.0
sortedcontainers==2.4.0
soupsieve==2.9.2
stack-data==0.6.3
statsmodels==0.14.6
tinycss2==1.5.1
tornado==6.5.10
traitlets==5.16.1
twine==7.0.0
typing-extensions==4.16.0
urllib3==2.8.0
watchdog==6.0.0
wcwidth==0.8.4
webencodings==0.6.1
wrapt==2.4.1
