{
  "candidate_kind": "unpublished current-worktree research candidate",
  "package_version": "4.3.0",
  "candidate_directory": "/tmp/puremacro-research-candidate-20261001T214014Z",
  "software_validation_passed": false,
  "full_release_gate_passed": false,
  "full_suite_summary": "pytest: 14 failed, 18438 passed, 139 skipped, 202 deselected, 276 xfailed, 331 warnings in 2096.77s (0:34:56)",
  "full_suite_counts": {
    "failed": 14,
    "passed": 18438,
    "skipped": 139,
    "deselected": 202,
    "xfailed": 276
  },
  "known_failure_baseline_compared": true,
  "unexpected_failure_nodeids": [
    "tests/test_m3_challenger_verification.py::test_all_notebooks_residual_styling_and_syntax",
    "tests/test_notebooks/test_e2e_doc_elevation.py::TestTier3CrossFeature::test_interaction_section_sequence_monotonicity[10_staggered_did]",
    "tests/test_v260_showcase_replication_e2e.py::TestTier4RealWorldScenarios::test_t4_s5_notebook_suite_bilingual_and_purity_integrity"
  ],
  "remaining_known_failure_nodeids": [
    "tests/test_inference_extras_parity.py::TestCollinearity::test_bit_identity_on_near_collinear_designs",
    "tests/test_inference_extras_parity.py::TestCollinearity::test_columns_sharing_a_large_mean_are_not_rejected",
    "tests/test_m5_empirical_challenger2_icio.py::TestWelfareDecompositionEmpirical::test_welfare_decomposition_tariff_shock_and_additive_closure",
    "tests/test_regress_quantile_parity.py::test_robust_sandwich_tie_convention_on_exact_zero_residuals",
    "tests/test_tier5_solver_adversarial.py::TestAPIErgonomicsAndSerialization::test_dataclass_replace_on_all_configs",
    "tests/test_trade_flexible_extensions.py::TestF11BoundaryCases::test_f11_b06_technology_replace_alias_synchronization",
    "tests/test_trade_flexible_extensions.py::TestF11BoundaryCases::test_f11_b07_preference_replace_alias_synchronization",
    "tests/test_trade_flexible_extensions.py::TestF11BoundaryCases::test_f11_b08_preference_replace_with_mapping_and_array",
    "tests/test_trade_flexible_extensions.py::TestF11BoundaryCases::test_f11_b09_market_structure_replace_alias_synchronization",
    "tests/test_trade_flexible_extensions.py::TestF11BoundaryCases::test_f11_b10_market_structure_replace_variety_condensation",
    "tests/test_v260_showcase_replication_e2e.py::TestTier2BoundaryAndCornerCases::test_t2_f4_harmonic_mean_collinear_parameter_draws_raises"
  ],
  "recovered_known_failure_nodeids": [],
  "gate_reports": [
    "Gate 1 (test baseline): FAIL \u2014 3 new failure(s)",
    "Gate 2 (Pyodide contract): PASS",
    "Gate 3 (public API snapshot): PASS",
    "Gate 4 (version sync): PASS \u2014 all read 4.3.0",
    "Gate 7 (min-Python 3.11 syntax): PASS \u2014 1653 files parse (ast.parse(feature_version=3.11); PEP 701 f-string scan)"
  ],
  "all_frozen_package_test_tool_sources_match": true,
  "final_strict_docs_match": true,
  "installed_wheel_validation_passed": true,
  "strict_docs_passed": true,
  "wheel_and_sdist_twine_passed": true,
  "research_benchmarks_passed": 7,
  "research_benchmarks_total": 8,
  "research_benchmarks_overall_passed": false,
  "documented_scientific_discrepancy": "RR2010 printed horizon-10 t-statistic misses the unchanged rounding tolerance",
  "known_failure_whitelist_unchanged": true,
  "api_legacy_entries_reconciled": 9,
  "artifacts": [
    {
      "path": "/tmp/puremacro-research-candidate-20261001T214014Z/dist/puremacro-4.3.0-py3-none-any.whl",
      "sha256": "191cafa80eef2f8663cd6301cc87a80dd69f1a87d8f94f91d4545705577d357c",
      "bytes": 16861366,
      "retained_path": "reviews/2026-10-01-research-release-candidate/artifacts/puremacro-research-candidate-20261001T214014Z/puremacro-4.3.0-py3-none-any.whl"
    },
    {
      "path": "/tmp/puremacro-research-candidate-20261001T214014Z/dist/puremacro-4.3.0.tar.gz",
      "sha256": "c15646a30d8342db8506cdcaf46439276cc9ede83232603a84ef625186d60267",
      "bytes": 16472075,
      "retained_path": "reviews/2026-10-01-research-release-candidate/artifacts/puremacro-research-candidate-20261001T214014Z/puremacro-4.3.0.tar.gz"
    }
  ],
  "committed": false,
  "tagged": false,
  "published": false,
  "deployed": false,
  "limitations": [
    "Includes earlier uncommitted changes; not a feature-only release",
    "Fixed-DGP/oracle SW07 controls do not establish composite-null inference",
    "Synthetic trade technology/sourcing and assumed factor exposure are not an estimated Mexican economy",
    "Tiny installed simulations validate packaging, not scientific performance"
  ]
}
