/Users/jalonso/Library/CloudStorage/GoogleDrive-jorge.alonsoortiz@gmail.com/My Drive/MAV/uncertainty_examples/puremacro/docs/research/fertility_bk_diagnosis/scripts/common.py:228: RuntimeWarning: overflow encountered in divide
  eigv = np.where(np.abs(beta) > BETA_THRESHOLD, np.abs(alpha / beta), np.inf)
package model_residuals does NOT support complex-step: it allocates a float64 output and SILENTLY DISCARDS the imaginary part (ComplexWarning emitted: True). A complex-step Jacobian through it would be identically zero garbage.
-> complex-step uses the verified local copy (model_residuals_cs)
local complex-safe copy vs package on 20 real draws: max abs deviation = 0.000e+00

QZ finite moduli by scheme (rows) — complex-step is the reference:
  central    h=1e-04    n_stable=11  max|mod - cs| = 1.986e-07
  central    h=1e-05    n_stable=11  max|mod - cs| = 1.972e-09
  central    h=1e-06    n_stable=11  max|mod - cs| = 3.575e-10
  central    h=1e-07    n_stable=11  max|mod - cs| = 5.500e-09
  central    h=1e-08    n_stable=11  max|mod - cs| = 1.309e-08
  richardson h=1e-04    n_stable=11  max|mod - cs| = 3.911e-12
  richardson h=1e-05    n_stable=11  max|mod - cs| = 9.322e-11
  richardson h=1e-06    n_stable=11  max|mod - cs| = 4.144e-10
  cs         (exact)   n_stable=11  max|mod - cs| = 0.000e+00

complex-step finite moduli (reference):
  [0.         0.         0.         0.         0.         0.         0.         0.5        0.59502539
 0.78074896 0.9        1.06847887 1.15756756 1.9673331 ]

verdict: eigenvalue structure vs h -> see max-drift column; classification (n_stable) is h-invariant iff column constant.

BGP-basin experiment: solve_bgp from perturbed x0, then complex-step
Jacobians at the returned point -> endogenous quartet + n_stable.
 scale   ok  n_stable_qz      tau_n     beta      l_o   endo_1   endo_2   endo_3  endo_4 err
 1e-10 True           11   -5.71745  0.91676  9.53074 0.179913  1.03957   1.1841 12.3216 NaN
 1e-10 True           12   0.016098  0.91676 0.622091 0.695139 0.955486  1.16659 1.57818 NaN
 1e-10 True           11   -1.08394  0.91676  2.28789 0.651819  1.08534  1.14143 1.71321 NaN
 1e-10 True           11  -0.755396  0.91676  1.91217 0.486583  1.13397  1.13397 1.62569 NaN
 1e-10 True           12   0.190897  0.91676 0.386349 0.556029 0.932999  1.17149 1.97678 NaN
 1e-10 True           11  -0.683346  0.91676  1.66171  0.75103   1.1128   1.1128 1.38212 NaN
 1e-10 True           11   -10.1697 0.872424  15.4511 0.881766  1.00011  1.12308 1.17516 NaN
 1e-10 True           11   -2.93038  0.91676  5.17415 0.365485  1.04644  1.17768 4.06579 NaN
 1e-10 True           11  -0.659264  0.91676  1.62407 0.757595  1.11228  1.11228 1.36507 NaN
 1e-10 True           12   0.355934  0.91676 0.037169  0.77849 0.971046  1.15879 1.15879 NaN
 1e-10 True           11   -0.93042  0.91676  2.04792 0.687697  1.11358  1.11358 1.57847 NaN
 1e-10 True           11  -0.580664  0.91676  1.50121 0.779516  1.10901  1.10901 1.31411 NaN
 1e-10 True           11  -0.488782  0.91676  1.35759 0.806084  1.10036  1.10036  1.2673 NaN
 1e-10 True           11  -0.971124  0.91676  2.11155 0.677936  1.10897  1.11793 1.61339 NaN
 1e-08 True           11   -1.28477  0.91676  2.60182 0.608528  1.07137  1.15485 1.90175 NaN
 1e-08 True           11   -2.33627  0.91676  4.24547 0.434927  1.05042  1.17406 3.14024 NaN
 1e-08 True           11   -2.49702  0.91676  4.49675 0.414503  1.04912  1.17523 3.37244 NaN
 1e-08 True           12  0.0673231  0.91676 0.574315 0.593979 0.948799  1.16856 1.84693 NaN
 1e-08 True           11   -1.00736  0.91676  2.19978 0.614348   1.1011  1.14058 1.78984 NaN
 1e-08 True           12   0.198253  0.91676 0.370428 0.566764 0.932164  1.17185 1.94874 NaN
 1e-08 True           11   -1.47164  0.91676  2.89393  0.57162  1.06432  1.16142 2.08989 NaN
 1e-08 True           11   -4.12396  0.91676  7.03988 0.264932  1.04226  1.18155 6.60827 NaN
 1e-08 True           11  -0.824937  0.91676  2.02517 0.476919  1.13997  1.13997 1.60923 NaN
 1e-08 True           12 -0.0988965  0.91676 0.801101 0.701804 0.980323  1.16041 1.55544 NaN
 1e-08 True           11   -1.81221  0.91676  4.02445 0.405442  1.06033  1.06033 1.16206 NaN
 1e-08 True           11   -1.61872  0.91676  3.12383 0.544651  1.06048  1.16494 2.24699 NaN
 1e-08 True           11   -2.69496  0.91676  4.89213 0.350912  1.08167  1.18375 2.78581 NaN
 1e-08 True           11   -1.41691  0.91676  2.80838 0.582113  1.06607  1.15981 2.03348 NaN
 1e-08 True           13  0.0440804  0.91676 0.524641 0.972054 0.972054 0.998709 1.16511 NaN
 1e-06 True           11   -1.12379  0.91676  2.35019 0.642911  1.08155  1.14512 1.74952 NaN
 1e-06 True           11   -1.53505  0.91676  2.99305 0.559779  1.06253  1.16307 2.15662 NaN
 1e-06 True           11   -1.27612  0.91676   2.5883 0.610313  1.07179  1.15446 1.89333 NaN
 1e-06 True           11   -1.10361  0.91676  2.31865 0.647401  1.08336  1.14335 1.73107 NaN
 1e-06 True           12 -0.0318125  0.91676 0.701804 0.683406 0.965195   1.1645 1.60824 NaN
 1e-06 True           11   -0.75566  0.91676  1.77475 0.731746  1.11361  1.11361 1.43617 NaN
 1e-06 True           11   -3.88559  0.91676  6.66728 0.281786  1.04287  1.18098 6.01236 NaN
 1e-06 True           11   -1.66062  0.91676  3.18933  0.53728  1.05956  1.16578 2.29325 NaN
 1e-06 True           11   -1.16495  0.91676  2.41453 0.633879  1.07833  1.14823 1.78759 NaN
 1e-06 True           11   -1.02353  0.91676  2.19347 0.665635  1.09334  1.13353 1.65921 NaN
 1e-06 True           11  -0.397777  0.91676  1.21533 0.833431  1.08551  1.08551 1.23608 NaN
 1e-06 True           11  -0.849981  0.91676  2.10438 0.436385  1.15969  1.15969 1.42543 NaN
 1e-06 True           11   -4.95178  0.91676  9.89867 0.444151  1.01621  1.01621 1.16155 NaN
 1e-06 True           11   -1.84809  0.91676  3.48238 0.505892  1.05614  1.16888 2.50876 NaN
 1e-06 True           11   -1.46232  0.91676  3.47083 0.410504    1.048    1.048 1.16285 NaN
0.0001 True           11   -1.45056  0.91676  2.86098 0.575632  1.06497  1.16082 2.06803 NaN
0.0001 True           11   -2.21187  0.91676  4.05101 0.451671  1.05158  1.17301 2.96911 NaN
0.0001 True           12  -0.138005  0.91676 0.836969 0.784606 0.999867  1.14463 1.34959 NaN
0.0001 True           12   0.297708  0.91676 0.149816 0.735522 0.933777  1.20365 1.31487 NaN
0.0001 True           11   -3.04804  0.91676  5.35806 0.353528  1.04586  1.17821 4.27243 NaN
0.0001 True           11  -0.538158  0.91676  1.65199 0.412199  1.11789  1.15082  1.3476 NaN
0.0001 True           12 -0.0508196  0.91676 0.688634 0.847971 0.976132  1.13673 1.23683 NaN
0.0001 True           11  -0.550853  0.91676  1.45461 0.788027  1.10688  1.10688 1.29721 NaN
0.0001 True           11   -0.61286  0.91676  1.55153 0.770444   1.1107   1.1107 1.33398 NaN
0.0001 True           11  -0.612241  0.91676  1.55056 0.770617  1.11067  1.11067 1.33359 NaN
0.0001 True           11  -0.178469  0.91676 0.886538 0.834728  1.06902  1.06902 1.24933 NaN
0.0001 True           12  -0.145705  0.91676 0.879368 0.685895 0.991035  1.15877 1.58942 NaN
0.0001 True           11  -0.239897  0.91676 0.968537 0.882872  1.05034  1.05034 1.20495 NaN
0.0001 True           11  -0.427762  0.91676   1.2622 0.824297  1.09104  1.09104  1.2449 NaN
0.0001 True           11  -0.764852  0.91676  2.02305 0.405763  1.17232  1.20465 1.20465 NaN

n_stable distribution over perturbed-x0 BGP solutions: {(1e-10, 11.0): 11.0, (1e-10, 12.0): 3.0, (1e-10, 13.0): nan, (1e-08, 11.0): 11.0, (1e-08, 12.0): 3.0, (1e-08, 13.0): 1.0, (1e-06, 11.0): 14.0, (1e-06, 12.0): 1.0, (1e-06, 13.0): nan, (0.0001, 11.0): 11.0, (0.0001, 12.0): 4.0, (0.0001, 13.0): nan}
spread of stable endogenous root (endo_1): [0.1799, 0.9721]
spread of boundary root (endo_2): [0.9322, 1.1723]
