.s                                                                       [100%]
=============================== warnings summary ===============================
tests/test_dsge/test_sw07_estimate_replication.py::test_estimate_sw07_10k_draw_sampler_contract
tests/test_dsge/test_sw07_estimate_replication.py::test_estimate_sw07_10k_draw_sampler_contract
  /Users/jalonso/Documents/RESEARCH/puremacro/puremacro/dsge/sw07_estimate.py:37: UserWarning: Could not infer format, so each element will be parsed individually, falling back to `dateutil`. To ensure parsing is consistent and as-expected, please specify a format.
    return pd.read_csv(

tests/test_dsge/test_sw07_estimate_replication.py::test_estimate_sw07_10k_draw_sampler_contract
  /Users/jalonso/Documents/RESEARCH/puremacro/puremacro/dsge/estimate.py:765: UserWarning: estimate_dsge: initial_params['crhoms'] = 0.0 is outside the prior support [0.01, 0.9999]; using 0.011 instead. The value you supplied has zero prior density, so it cannot be a mode.
    init_vec = _initial_vec_from_dict(initial_params, priors,

tests/test_dsge/test_sw07_estimate_replication.py::test_estimate_sw07_10k_draw_sampler_contract
  /Users/jalonso/Documents/RESEARCH/puremacro/puremacro/dsge/estimate.py:765: UserWarning: estimate_dsge: initial_params['crhopinf'] = 0.0 is outside the prior support [0.01, 0.9999]; using 0.011 instead. The value you supplied has zero prior density, so it cannot be a mode.
    init_vec = _initial_vec_from_dict(initial_params, priors,

tests/test_dsge/test_sw07_estimate_replication.py::test_estimate_sw07_10k_draw_sampler_contract
  /Users/jalonso/Documents/RESEARCH/puremacro/puremacro/dsge/estimate.py:765: UserWarning: estimate_dsge: initial_params['crhow'] = 0.0 is outside the prior support [0.001, 0.9999]; using 0.002 instead. The value you supplied has zero prior density, so it cannot be a mode.
    init_vec = _initial_vec_from_dict(initial_params, priors,

tests/test_dsge/test_sw07_estimate_replication.py::test_estimate_sw07_10k_draw_sampler_contract
  /Users/jalonso/Documents/RESEARCH/puremacro/puremacro/dsge/estimate.py:765: UserWarning: estimate_dsge: initial_params['cmap'] = 0.0 is outside the prior support [0.01, 0.9999]; using 0.011 instead. The value you supplied has zero prior density, so it cannot be a mode.
    init_vec = _initial_vec_from_dict(initial_params, priors,

tests/test_dsge/test_sw07_estimate_replication.py::test_estimate_sw07_10k_draw_sampler_contract
  /Users/jalonso/Documents/RESEARCH/puremacro/puremacro/dsge/estimate.py:765: UserWarning: estimate_dsge: initial_params['cmaw'] = 0.0 is outside the prior support [0.01, 0.9999]; using 0.011 instead. The value you supplied has zero prior density, so it cannot be a mode.
    init_vec = _initial_vec_from_dict(initial_params, priors,

tests/test_dsge/test_sw07_estimate_replication.py::test_estimate_sw07_10k_draw_sampler_contract
  /Users/jalonso/Documents/RESEARCH/puremacro/puremacro/dsge/estimate.py:899: UserWarning: estimate_dsge: the mode search stopped before converging ('STOP: TOTAL NO. OF ITERATIONS REACHED LIMIT') after improving the log-posterior by 2338.68. The best point found is returned as `mode`, but it is not a verified stationary point -- re-run from it if you need the actual mode.
    warnings.warn(

tests/test_dsge/test_sw07_estimate_replication.py::test_estimate_sw07_10k_draw_sampler_contract
  /Users/jalonso/Documents/RESEARCH/puremacro/puremacro/dsge/estimate.py:986: UserWarning: estimate_dsge: Hessian-based proposal failed (LinAlgError: numerical Hessian is not finite at the reported mode; parameters on a prior bound: ['crhopinf', 'cprobw', 'cprobp']); falling back to diag(prior_stds**2).
    warnings.warn(

-- Docs: https://docs.pytest.org/en/stable/how-to/capture-warnings.html
=========================== short test summary info ============================
SKIPPED [1] tests/test_dsge/test_sw07_estimate_replication.py:153: multi-hour SW07 Table 1A replication; opt in with PUREMACRO_SW07_TABLE1A=1 (see module docstring)
1 passed, 1 skipped, 9 warnings in 274.76s (0:04:34)
